abefdc
abcdef
dcabef
dcefba
baefcd
bacdfe
baefcd
efabcd
baefcd
bacdfe
efcdba
efbadc
cdbaef
cdefab
abefdc
abcdef
cdbaef
badcef
bafedc
bacdfe
fecdab
bacdfe
dcbafe
abdcfe
efdcab
badcef
fedcba
febacd
fecdab
feabdc
dcabef
abcdef
cdbaef
badcef
efdcab
cdefab
cdabfe
cdefab
cdabfe
cdefab
fecdab
dcfeab
efdcab
abdcfe
efdcab
efabcd
dcabef
feabdc
dcabef
abcdef
