abefdc
abcdef
dcabef
dcefba
baefcd
bacdfe
baefcd
efabcd
baefcd
bacdfe
efcdba
efbadc
cdbaef
cdefab
abefdc
abcdef
cdbaef
badcef
bafedc
bacdfe
fecdab
bacdfe
dcbafe
abdcfe
efdcab
badcef
fedcba
febacd
fecdab
feabdc
dcabef
abcdef
cdbaef
badcef
efdcab
cdefab
cdabfe
cdefab
cdabfe
cdefab
fecdab
dcfeab
efdcab
abdcfe
efdcab
efabcd
dcabef
feabdc
dcabef
abcdef
efcdba
efabcd
efcdba
abcdef
fecdab
dcfeab
bafedc
cdfeba
cdabfe
cdfeba
efcdba
dcefba
abefdc
feabdc
cdabfe
feabdc
fecdab
dcfeab
dcabef
efabcd
abfecd
efabcd
abfecd
efabcd
dcabef
badcef
fedcba
abdcfe
cdabfe
efabcd
efcdba
cdfeba
fedcba
abdcfe
efdcab
dcfeab
efdcab
abdcfe
efdcab
efabcd
abfecd
febacd
dcbafe
bacdfe
bafedc
bacdfe
baefcd
efabcd
abfecd
cdfeba
efcdba
efabcd
dcabef
dcfeab
abfecd
efabcd
cdabfe
efabcd
baefcd
efabcd
efdcab
badcef
baefcd
dcefba
abefdc
abdcfe
cdabfe
feabdc
fecdab
abcdef
abfecd
efabcd
baefcd
bacdfe
dcbafe
febacd
abfecd
cdfeba
efcdba
efbadc
abefdc
abcdef
efcdba
dcefba
efcdba
bacdfe
baefcd
cdefab
abefdc
cdefab
cdbaef
abcdef
fecdab
abcdef
dcabef
efabcd
abfecd
febacd
fedcba
badcef
bafedc
efbadc
bafedc
dcfeab
bafedc
badcef
fedcba
cdfeba
cdbaef
efbadc
dcbafe
dcefba
abefdc
cdefab
cdabfe
efabcd
efcdba
efabcd
dcabef
dcfeab
fecdab
febacd
cdbaef
febacd
abfecd
efabcd
cdabfe
cdfeba
efcdba
efabcd
efdcab
abdcfe
fedcba
feabdc
dcabef
efabcd
abfecd
abcdef
fecdab
feabdc
dcabef
dcefba
fedcba
febacd
dcbafe
efbadc
abefdc
feabdc
abefdc
feabdc
cdabfe
cdefab
cdabfe
cdfeba
bafedc
cdfeba
abfecd
abdcfe
abefdc
abcdef
cdbaef
badcef
cdbaef
abcdef
efcdba
cdfeba
abfecd
efabcd
abfecd
cdfeba
abfecd
cdfeba
cdabfe
feabdc
fecdab
cdefab
abefdc
dcefba
abefdc
abcdef
dcabef
feabdc
abefdc
cdefab
cdabfe
bacdfe
dcbafe
dcefba
abefdc
dcefba
abefdc
efbadc
dcbafe
abdcfe
abefdc
cdefab
cdbaef
cdfeba
bafedc
bacdfe
dcbafe
dcfeab
dcabef
abcdef
abfecd
cdfeba
fedcba
abdcfe
abefdc
efbadc
bafedc
dcfeab
bafedc
bacdfe
cdabfe
efabcd
dcabef
badcef
dcabef
feabdc
abefdc
efbadc
cdbaef
efbadc
abefdc
abcdef
fecdab
abcdef
dcabef
efabcd
baefcd
badcef
baefcd
dcefba
dcabef
badcef
baefcd
cdefab
abefdc
abcdef
dcabef
badcef
baefcd
efabcd
dcabef
dcefba
abefdc
cdefab
baefcd
efabcd
efdcab
badcef
dcabef
abcdef
cdbaef
cdefab
fecdab
cdefab
cdabfe
abdcfe
fedcba
abdcfe
abefdc
abcdef
dcabef
badcef
fedcba
abdcfe
dcbafe
febacd
baefcd
febacd
fecdab
cdefab
cdabfe
cdfeba
bafedc
badcef
cdbaef
febacd
fecdab
feabdc
cdabfe
feabdc
dcabef
abcdef
efcdba
abcdef
cdbaef
cdfeba
fedcba
feabdc
fecdab
abcdef
fecdab
feabdc
abefdc
cdefab
cdbaef
badcef
fedcba
abdcfe
abfecd
efabcd
dcabef
dcefba
dcabef
feabdc
cdabfe
feabdc
cdabfe
efabcd
abfecd
dcfeab
abfecd
efabcd
baefcd
badcef
dcabef
dcefba
abefdc
abcdef
efcdba
bacdfe
dcbafe
efbadc
bafedc
badcef
bafedc
bacdfe
fecdab
febacd
fecdab
feabdc
dcabef
dcefba
abefdc
abdcfe
abfecd
dcfeab
fecdab
dcfeab
dcbafe
dcefba
dcabef
feabdc
cdabfe
cdfeba
fedcba
dcefba
efcdba
efbadc
efcdba
cdfeba
fedcba
dcefba
efcdba
cdfeba
cdbaef
febacd
abfecd
abcdef
abefdc
cdefab
efdcab
dcfeab
dcabef
abcdef
fecdab
dcfeab
bafedc
feabdc
abefdc
dcefba
baefcd
badcef
baefcd
bacdfe
dcbafe
febacd
cdbaef
cdfeba
fedcba
cdfeba
abfecd
abdcfe
abfecd
dcfeab
efdcab
cdefab
cdbaef
badcef
fedcba
cdfeba
fedcba
abdcfe
efdcab
efabcd
dcabef
feabdc
fecdab
bacdfe
efcdba
dcefba
dcbafe
dcfeab
abfecd
dcfeab
fecdab
dcfeab
bafedc
dcfeab
abfecd
febacd
fecdab
abcdef
efcdba
abcdef
abefdc
cdefab
fecdab
dcfeab
fecdab
abcdef
abefdc
efbadc
dcbafe
dcfeab
abfecd
abcdef
dcabef
dcfeab
dcbafe
febacd
cdbaef
abcdef
efcdba
efabcd
abfecd
cdfeba
bafedc
feabdc
bafedc
bacdfe
cdabfe
efabcd
baefcd
febacd
dcbafe
efbadc
